Headers {
[WILDCARD]
  "cdn-loop": "land",
[WILDCARD]
  "x-deno-fetch-token": "deno"
}
